2026-06-13T22:49:18.672+07:00  INFO 12484 --- [rikkei-bank] [restartedMain] c.rikkeisoft.bank.RikkeiBankApplication  : Starting RikkeiBankApplication using Java 17.0.18 with PID 12484 (C:\Users\Dell\OneDrive\Documents\DuLieuCaNhan\Java Service\Project_RikkeiBank\build\classes\java\main started by Dell in C:\Users\Dell\OneDrive\Documents\DuLieuCaNhan\Java Service\Project_RikkeiBank)
2026-06-13T22:49:18.674+07:00  INFO 12484 --- [rikkei-bank] [restartedMain] c.rikkeisoft.bank.RikkeiBankApplication  : No active profile set, falling back to 1 default profile: "default"
2026-06-13T22:49:18.707+07:00  INFO 12484 --- [rikkei-bank] [restartedMain] .e.DevToolsPropertyDefaultsPostProcessor : Devtools property defaults active! Set 'spring.devtools.add-properties' to 'false' to disable
2026-06-13T22:49:18.707+07:00  INFO 12484 --- [rikkei-bank] [restartedMain] .e.DevToolsPropertyDefaultsPostProcessor : For additional web related logging consider setting the 'logging.level.web' property to 'DEBUG'
2026-06-13T22:49:19.596+07:00  INFO 12484 --- [rikkei-bank] [restartedMain] .s.d.r.c.RepositoryConfigurationDelegate : Multiple Spring Data modules found, entering strict repository configuration mode
2026-06-13T22:49:19.596+07:00  INFO 12484 --- [rikkei-bank] [restartedMain] .s.d.r.c.RepositoryConfigurationDelegate : Bootstrapping Spring Data JPA repositories in DEFAULT mode.
2026-06-13T22:49:19.742+07:00  INFO 12484 --- [rikkei-bank] [restartedMain] .s.d.r.c.RepositoryConfigurationDelegate : Finished Spring Data repository scanning in 137 ms. Found 6 JPA repository interfaces.
2026-06-13T22:49:19.757+07:00  INFO 12484 --- [rikkei-bank] [restartedMain] .s.d.r.c.RepositoryConfigurationDelegate : Multiple Spring Data modules found, entering strict repository configuration mode
2026-06-13T22:49:19.757+07:00  INFO 12484 --- [rikkei-bank] [restartedMain] .s.d.r.c.RepositoryConfigurationDelegate : Bootstrapping Spring Data Redis repositories in DEFAULT mode.
2026-06-13T22:49:19.772+07:00  INFO 12484 --- [rikkei-bank] [restartedMain] .RepositoryConfigurationExtensionSupport : Spring Data Redis - Could not safely identify store assignment for repository candidate interface com.rikkeisoft.bank.repository.AccountRepository; If you want this repository to be a Redis repository, consider annotating your entities with one of these annotations: org.springframework.data.redis.core.RedisHash (preferred), or consider extending one of the following types with your repository: org.springframework.data.keyvalue.repository.KeyValueRepository
2026-06-13T22:49:19.774+07:00  INFO 12484 --- [rikkei-bank] [restartedMain] .RepositoryConfigurationExtensionSupport : Spring Data Redis - Could not safely identify store assignment for repository candidate interface com.rikkeisoft.bank.repository.KycProfileRepository; If you want this repository to be a Redis repository, consider annotating your entities with one of these annotations: org.springframework.data.redis.core.RedisHash (preferred), or consider extending one of the following types with your repository: org.springframework.data.keyvalue.repository.KeyValueRepository
2026-06-13T22:49:19.774+07:00  INFO 12484 --- [rikkei-bank] [restartedMain] .RepositoryConfigurationExtensionSupport : Spring Data Redis - Could not safely identify store assignment for repository candidate interface com.rikkeisoft.bank.repository.RefreshTokenRepository; If you want this repository to be a Redis repository, consider annotating your entities with one of these annotations: org.springframework.data.redis.core.RedisHash (preferred), or consider extending one of the following types with your repository: org.springframework.data.keyvalue.repository.KeyValueRepository
2026-06-13T22:49:19.774+07:00  INFO 12484 --- [rikkei-bank] [restartedMain] .RepositoryConfigurationExtensionSupport : Spring Data Redis - Could not safely identify store assignment for repository candidate interface com.rikkeisoft.bank.repository.RoleRepository; If you want this repository to be a Redis repository, consider annotating your entities with one of these annotations: org.springframework.data.redis.core.RedisHash (preferred), or consider extending one of the following types with your repository: org.springframework.data.keyvalue.repository.KeyValueRepository
2026-06-13T22:49:19.774+07:00  INFO 12484 --- [rikkei-bank] [restartedMain] .RepositoryConfigurationExtensionSupport : Spring Data Redis - Could not safely identify store assignment for repository candidate interface com.rikkeisoft.bank.repository.TransactionRepository; If you want this repository to be a Redis repository, consider annotating your entities with one of these annotations: org.springframework.data.redis.core.RedisHash (preferred), or consider extending one of the following types with your repository: org.springframework.data.keyvalue.repository.KeyValueRepository
2026-06-13T22:49:19.774+07:00  INFO 12484 --- [rikkei-bank] [restartedMain] .RepositoryConfigurationExtensionSupport : Spring Data Redis - Could not safely identify store assignment for repository candidate interface com.rikkeisoft.bank.repository.UserRepository; If you want this repository to be a Redis repository, consider annotating your entities with one of these annotations: org.springframework.data.redis.core.RedisHash (preferred), or consider extending one of the following types with your repository: org.springframework.data.keyvalue.repository.KeyValueRepository
2026-06-13T22:49:19.774+07:00  INFO 12484 --- [rikkei-bank] [restartedMain] .s.d.r.c.RepositoryConfigurationDelegate : Finished Spring Data repository scanning in 7 ms. Found 0 Redis repository interfaces.
2026-06-13T22:49:20.516+07:00  INFO 12484 --- [rikkei-bank] [restartedMain] o.s.b.w.embedded.tomcat.TomcatWebServer  : Tomcat initialized with port 8080 (http)
2026-06-13T22:49:20.530+07:00  INFO 12484 --- [rikkei-bank] [restartedMain] o.apache.catalina.core.StandardService   : Starting service [Tomcat]
2026-06-13T22:49:20.530+07:00  INFO 12484 --- [rikkei-bank] [restartedMain] o.apache.catalina.core.StandardEngine    : Starting Servlet engine: [Apache Tomcat/10.1.41]
2026-06-13T22:49:20.571+07:00  INFO 12484 --- [rikkei-bank] [restartedMain] o.a.c.c.C.[Tomcat].[localhost].[/]       : Initializing Spring embedded WebApplicationContext
2026-06-13T22:49:20.571+07:00  INFO 12484 --- [rikkei-bank] [restartedMain] w.s.c.ServletWebServerApplicationContext : Root WebApplicationContext: initialization completed in 1864 ms
2026-06-13T22:49:20.777+07:00  INFO 12484 --- [rikkei-bank] [restartedMain] o.hibernate.jpa.internal.util.LogHelper  : HHH000204: Processing PersistenceUnitInfo [name: default]
2026-06-13T22:49:20.846+07:00  INFO 12484 --- [rikkei-bank] [restartedMain] org.hibernate.Version                    : HHH000412: Hibernate ORM core version 6.6.15.Final
2026-06-13T22:49:20.877+07:00  INFO 12484 --- [rikkei-bank] [restartedMain] o.h.c.internal.RegionFactoryInitiator    : HHH000026: Second-level cache disabled
2026-06-13T22:49:21.213+07:00  INFO 12484 --- [rikkei-bank] [restartedMain] o.s.o.j.p.SpringPersistenceUnitInfo      : No LoadTimeWeaver setup: ignoring JPA class transformer
2026-06-13T22:49:21.243+07:00  INFO 12484 --- [rikkei-bank] [restartedMain] com.zaxxer.hikari.HikariDataSource       : HikariPool-1 - Starting...
2026-06-13T22:49:21.936+07:00  INFO 12484 --- [rikkei-bank] [restartedMain] com.zaxxer.hikari.pool.HikariPool        : HikariPool-1 - Added connection com.mysql.cj.jdbc.ConnectionImpl@35cf58f
2026-06-13T22:49:21.938+07:00  INFO 12484 --- [rikkei-bank] [restartedMain] com.zaxxer.hikari.HikariDataSource       : HikariPool-1 - Start completed.
2026-06-13T22:49:22.081+07:00  WARN 12484 --- [rikkei-bank] [restartedMain] org.hibernate.orm.deprecation            : HHH90000025: MySQLDialect does not need to be specified explicitly using 'hibernate.dialect' (remove the property setting and it will be selected by default)
2026-06-13T22:49:22.106+07:00  INFO 12484 --- [rikkei-bank] [restartedMain] org.hibernate.orm.connections.pooling    : HHH10001005: Database info:
	Database JDBC URL [Connecting through datasource 'HikariDataSource (HikariPool-1)']
	Database driver: undefined/unknown
	Database version: 8.0.40
	Autocommit mode: undefined/unknown
	Isolation level: undefined/unknown
	Minimum pool size: undefined/unknown
	Maximum pool size: undefined/unknown
2026-06-13T22:49:23.273+07:00  INFO 12484 --- [rikkei-bank] [restartedMain] o.h.e.t.j.p.i.JtaPlatformInitiator       : HHH000489: No JTA platform available (set 'hibernate.transaction.jta.platform' to enable JTA platform integration)
2026-06-13T22:49:23.498+07:00  INFO 12484 --- [rikkei-bank] [restartedMain] j.LocalContainerEntityManagerFactoryBean : Initialized JPA EntityManagerFactory for persistence unit 'default'
2026-06-13T22:49:23.900+07:00  INFO 12484 --- [rikkei-bank] [restartedMain] o.s.d.j.r.query.QueryEnhancerFactory     : Hibernate is in classpath; If applicable, HQL parser will be used.
2026-06-13T22:49:25.266+07:00  INFO 12484 --- [rikkei-bank] [restartedMain] r$InitializeUserDetailsManagerConfigurer : Global AuthenticationManager configured with UserDetailsService bean with name userDetailsServiceImpl
2026-06-13T22:49:25.642+07:00  WARN 12484 --- [rikkei-bank] [restartedMain] JpaBaseConfiguration$JpaWebConfiguration : spring.jpa.open-in-view is enabled by default. Therefore, database queries may be performed during view rendering. Explicitly configure spring.jpa.open-in-view to disable this warning
2026-06-13T22:49:27.052+07:00  INFO 12484 --- [rikkei-bank] [restartedMain] o.s.b.d.a.OptionalLiveReloadServer       : LiveReload server is running on port 35729
2026-06-13T22:49:27.107+07:00  INFO 12484 --- [rikkei-bank] [restartedMain] o.s.b.w.embedded.tomcat.TomcatWebServer  : Tomcat started on port 8080 (http) with context path '/'
2026-06-13T22:49:27.121+07:00  INFO 12484 --- [rikkei-bank] [restartedMain] c.rikkeisoft.bank.RikkeiBankApplication  : Started RikkeiBankApplication in 8.792 seconds (process running for 9.508)
2026-06-13T22:49:57.479+07:00  INFO 12484 --- [rikkei-bank] [SpringApplicationShutdownHook] o.s.b.w.e.tomcat.GracefulShutdown        : Commencing graceful shutdown. Waiting for active requests to complete
2026-06-13T22:49:57.509+07:00  INFO 12484 --- [rikkei-bank] [tomcat-shutdown] o.s.b.w.e.tomcat.GracefulShutdown        : Graceful shutdown complete
2026-06-13T22:49:57.524+07:00  INFO 12484 --- [rikkei-bank] [SpringApplicationShutdownHook] j.LocalContainerEntityManagerFactoryBean : Closing JPA EntityManagerFactory for persistence unit 'default'
2026-06-13T22:49:57.527+07:00  INFO 12484 --- [rikkei-bank] [SpringApplicationShutdownHook] com.zaxxer.hikari.HikariDataSource       : HikariPool-1 - Shutdown initiated...
2026-06-13T22:49:57.531+07:00  INFO 12484 --- [rikkei-bank] [SpringApplicationShutdownHook] com.zaxxer.hikari.HikariDataSource       : HikariPool-1 - Shutdown completed.
